---
source: src/format.rs
expression: "fmt(indoc! { r#\"\n            1:10\n        \"# })"
---
1:10
