---
source: src/format.rs
expression: "fmt(\"x<-1\")"
---
x <- 1
