---
source: src/format.rs
expression: "format_str(indoc!\n{ r#\"\n            {}\n            {\n            }\n        \"# })"
---
{}
{}
