---
source: src/format.rs
expression: "fmt(indoc!\n{\n    r#\"\n            {\n                a\n\n                b\n            }\n        \"#\n})"
---
{
  a

  b
}
